// Jest Snapshot v1, https://goo.gl/fbAQLP

exports[`select event type renders corrrectly 1`] = `
<div
  className="MuiFormControl-root makeStyles-formControl-1"
>
  <label
    className="MuiFormLabel-root MuiInputLabel-root MuiInputLabel-formControl MuiInputLabel-animated MuiInputLabel-shrink MuiFormLabel-filled"
    data-shrink={true}
  >
    Select an event
  </label>
  <div
    className="MuiInputBase-root MuiInput-root MuiInput-underline MuiInputBase-formControl MuiInput-formControl"
    onClick={[Function]}
  >
    <div
      aria-haspopup="listbox"
      className="MuiSelect-root MuiSelect-select MuiSelect-selectMenu MuiInputBase-input MuiInput-input"
      onBlur={[Function]}
      onFocus={[Function]}
      onKeyDown={[Function]}
      onMouseDown={[Function]}
      role="button"
      tabIndex={0}
    >
      test_event_1
    </div>
    <input
      aria-hidden={true}
      className="MuiSelect-nativeInput"
      onAnimationStart={[Function]}
      onChange={[Function]}
      required={false}
      tabIndex={-1}
      value="test_event_1"
    />
    <svg
      aria-hidden={true}
      className="MuiSvgIcon-root MuiSelect-icon"
      focusable="false"
      viewBox="0 0 24 24"
    >
      <path
        d="M7 10l5 5 5-5z"
      />
    </svg>
  </div>
</div>
`;
